// Jest Snapshot v1, https://goo.gl/fbAQLP

exports[`pages/[code].tsx matches snapshot 1`] = `
<DocumentFragment>
  <div
    class="jsx-903643084 container"
  >
    <main
      class="jsx-903643084"
    >
      <div
        class="jsx-903643084 main-content"
      >
        <div
          class="jsx-3668335743 title"
          style="text-align: center;"
        >
          <h2
            class="jsx-3668335743"
          >
            ðŸš€ðŸ¦€
          </h2>
          <h2
            class="jsx-3668335743 lobby-url"
          >
            rocketcrab.com
          </h2>
        </div>
        <div
          class="jsx-3429833361 loading-container"
        >
          <span
            class="jsx-3429833361 loading"
          >
            <i
              class="jsx-3429833361"
            />
            <i
              class="jsx-3429833361"
            />
            <i
              class="jsx-3429833361"
            />
          </span>
        </div>
      </div>
    </main>
    <footer
      class="jsx-3128977650"
      style="margin-top: 1em;"
    >
      rocketcrab by 
      <a
        class="jsx-3128977650"
        href="https://www.tannerkrewson.com/"
        rel="noopener noreferrer"
        target="_blank"
      >
        Tanner Krewson
      </a>
      <br
        class="jsx-3128977650"
      />
      <a
        class="jsx-3128977650"
        href="https://github.com/tannerkrewson/rocketcrab"
        rel="noopener noreferrer"
        target="_blank"
      >
        View on GitHub
      </a>
    </footer>
  </div>
</DocumentFragment>
`;
