// Jest Snapshot v1, https://goo.gl/fbAQLP

exports[`pages/index.tsx matches snapshot 1`] = `
<DocumentFragment>
  <div
    class="jsx-1326350671 container"
  >
    <main
      class="jsx-1326350671"
    >
      <div
        class="jsx-1326350671 main-content"
      >
        <div
          class="title"
          style="text-align: center;"
        >
          <h2>
            ðŸš€ðŸ¦€
          </h2>
          <h2>
            rocketcrab.com
          </h2>
        </div>
        <div
          class="jsx-613440105 description"
        >
          party games for your phone
        </div>
        <div
          class="jsx-1938348541 item justify jsx-1720607024 "
        >
          <div
            class="jsx-974242038 item  jsx-4216129763 "
          >
            <div>
              <button
                class="jsx-2376802331 btn "
                href="/join"
                type="button"
              >
                <div
                  class="text"
                >
                  Join Lobby
                </div>
              </button>
            </div>
          </div>
          <div
            class="jsx-974242038 item  jsx-4216129763 "
          >
            <button
              class="jsx-2376802331 btn "
              type="button"
            >
              <div
                class="text"
              >
                New Lobby
              </div>
            </button>
          </div>
        </div>
      </div>
    </main>
    <footer
      class="jsx-727442817"
      style="margin-top: 1em;"
    >
      rocketcrab by 
      <a
        class="jsx-727442817"
        href="https://www.tannerkrewson.com/"
        rel="noopener noreferrer"
        target="_blank"
      >
        Tanner Krewson
      </a>
      <br
        class="jsx-727442817"
      />
      <a
        class="jsx-727442817"
        href="https://github.com/tannerkrewson/rocketcrab"
        rel="noopener noreferrer"
        target="_blank"
      >
        View on GitHub
      </a>
    </footer>
  </div>
</DocumentFragment>
`;
