// Jest Snapshot v1, https://goo.gl/fbAQLP

exports[`pages/join.tsx matches snapshot 1`] = `
<DocumentFragment>
  <div
    class="jsx-2694634382 container"
  >
    <main
      class="jsx-2694634382"
    >
      <div
        class="jsx-2694634382 main-content"
      >
        <div
          class="title"
          style="text-align: center;"
        >
          <h2>
            ðŸš€ðŸ¦€
          </h2>
          <h2>
            rocketcrab.com
          </h2>
        </div>
        <div
          class="jsx-2322376654 description"
        >
          Join Lobby
        </div>
        <div
          class="jsx-2322376654 input-container"
        >
          <div
            class="jsx-1274958171 with-label"
          >
            <div
              class="jsx-1274958171 input-container "
            >
              <div
                class="jsx-1274958171 input-wrapper hover  "
              >
                <input
                  autocapitalize="none"
                  autocomplete="off"
                  autocorrect="off"
                  class="jsx-1274958171  "
                  maxlength="4"
                  placeholder="ex. abcd"
                  type="text"
                  value=""
                />
                <div
                  class="jsx-1930334660 clear-icon "
                >
                  <svg
                    class="jsx-1930334660"
                    fill="none"
                    shape-rendering="geometricPrecision"
                    stroke="currentColor"
                    stroke-linecap="round"
                    stroke-linejoin="round"
                    stroke-width="1.5"
                    viewBox="0 0 24 24"
                  >
                    <path
                      class="jsx-1930334660"
                      d="M18 6L6 18"
                    />
                    <path
                      class="jsx-1930334660"
                      d="M6 6l12 12"
                    />
                  </svg>
                </div>
              </div>
            </div>
          </div>
        </div>
        <div
          class="jsx-2322376654 description"
          style="color: red;"
        >
          wxyz does not exist ðŸ˜ž
        </div>
        <div
          class="jsx-1938348541 item justify jsx-1720607024 "
        >
          <div
            class="jsx-974242038 item  jsx-4216129763 "
          >
            <div>
              <button
                class="jsx-2376802331 btn "
                href="/"
                type="button"
              >
                <div
                  class="text"
                >
                  Back
                </div>
              </button>
            </div>
          </div>
          <div
            class="jsx-974242038 item  jsx-4216129763 "
          >
            <button
              class="jsx-3840732666 btn "
              disabled=""
              type="button"
            >
              <div
                class="text"
              >
                Join
              </div>
            </button>
          </div>
        </div>
      </div>
    </main>
    <footer
      class="jsx-727442817"
    >
      rocketcrab by 
      <a
        class="jsx-727442817"
        href="https://www.tannerkrewson.com/"
        rel="noopener noreferrer"
        target="_blank"
      >
        Tanner Krewson
      </a>
      <br
        class="jsx-727442817"
      />
      <a
        class="jsx-727442817"
        href="https://github.com/tannerkrewson/rocketcrab"
        rel="noopener noreferrer"
        target="_blank"
      >
        View on GitHub
      </a>
    </footer>
  </div>
</DocumentFragment>
`;
